Archive member included because of file (symbol)

C:/usr/xtensa/XtDevTools/install/builds/RI-2021.6-win32/Py_210123_eval/xtensa-elf/lib/xcc/\libgcc.a(_udivsi3.o)
                              D:/PYRAMID_SW/dsp_trunk/tags/Sphinx_0p2/testing_app/system_integration/bin/Py_210123_eval/Release/src/dsp_cli_nfca_tx.o (__udivsi3)
C:/usr/xtensa/XtDevTools/install/builds/RI-2021.6-win32/Py_210123_eval/xtensa-elf/arch/lib/\libhandler-reset-unpack.a(reset-vector-unpack.o)
                              (_ResetVector)
C:/usr/xtensa/XtDevTools/install/builds/RI-2021.6-win32/Py_210123_eval/xtensa-elf/arch/lib/\libhandlers-board.a(xtos-interrupt-enable.o)
                              D:/PYRAMID_SW/dsp_trunk/tags/Sphinx_0p2/testing_app/system_integration/bin/Py_210123_eval/Release/src/dsp_hal_intr.o (xtos_interrupt_enable)
C:/usr/xtensa/XtDevTools/install/builds/RI-2021.6-win32/Py_210123_eval/xtensa-elf/arch/lib/\libhandlers-board.a(xtos-interrupt-disable.o)
                              D:/PYRAMID_SW/dsp_trunk/tags/Sphinx_0p2/testing_app/system_integration/bin/Py_210123_eval/Release/src/dsp_hal_intr.o (xtos_interrupt_disable)
C:/usr/xtensa/XtDevTools/install/builds/RI-2021.6-win32/Py_210123_eval/xtensa-elf/arch/lib/\libhandlers-board.a(xtos-interrupt-clear.o)
                              D:/PYRAMID_SW/dsp_trunk/tags/Sphinx_0p2/testing_app/system_integration/bin/Py_210123_eval/Release/src/dsp_hal_intr.o (xtos_interrupt_clear)
C:/usr/xtensa/XtDevTools/install/builds/RI-2021.6-win32/Py_210123_eval/xtensa-elf/arch/lib/\libhandlers-board.a(xtos-set-inthandler.o)
                              D:/PYRAMID_SW/dsp_trunk/tags/Sphinx_0p2/testing_app/system_integration/bin/Py_210123_eval/Release/src/dsp_hal_intr.o (xtos_set_interrupt_handler)
C:/usr/xtensa/XtDevTools/install/builds/RI-2021.6-win32/Py_210123_eval/xtensa-elf/arch/lib/\libhandlers-board.a(xtos-set-exchandler.o)
                              D:/PYRAMID_SW/dsp_trunk/tags/Sphinx_0p2/testing_app/system_integration/bin/Py_210123_eval/Release/src/dsp_mngr.o (xtos_set_exception_handler)
C:/usr/xtensa/XtDevTools/install/builds/RI-2021.6-win32/Py_210123_eval/xtensa-elf/arch/lib/\libhandlers-board.a(exc-syscall-handler.o)
                              (_xtos_syscall_handler)
C:/usr/xtensa/XtDevTools/install/builds/RI-2021.6-win32/Py_210123_eval/xtensa-elf/arch/lib/\libhandlers-board.a(exc-table.o)
                              C:/usr/xtensa/XtDevTools/install/builds/RI-2021.6-win32/Py_210123_eval/xtensa-elf/arch/lib/\libhandlers-board.a(xtos-set-exchandler.o) (xtos_c_handler_table)
C:/usr/xtensa/XtDevTools/install/builds/RI-2021.6-win32/Py_210123_eval/xtensa-elf/arch/lib/\libhandlers-board.a(interrupt-table.o)
                              C:/usr/xtensa/XtDevTools/install/builds/RI-2021.6-win32/Py_210123_eval/xtensa-elf/arch/lib/\libhandlers-board.a(xtos-interrupt-enable.o) (xtos_enabled)
C:/usr/xtensa/XtDevTools/install/builds/RI-2021.6-win32/Py_210123_eval/xtensa-elf/arch/lib/\libhandlers-board.a(user-vector.o)
                              C:/usr/xtensa/XtDevTools/install/builds/RI-2021.6-win32/Py_210123_eval/xtensa-elf/arch/lib/\libhandlers-board.a(xtos-set-exchandler.o) (xtos_exc_handler_table)
C:/usr/xtensa/XtDevTools/install/builds/RI-2021.6-win32/Py_210123_eval/xtensa-elf/arch/lib/\libhandlers-board.a(exc-c-wrapper-handler.o)
                              C:/usr/xtensa/XtDevTools/install/builds/RI-2021.6-win32/Py_210123_eval/xtensa-elf/arch/lib/\libhandlers-board.a(xtos-set-exchandler.o) (xtos_c_wrapper_handler)
C:/usr/xtensa/XtDevTools/install/builds/RI-2021.6-win32/Py_210123_eval/xtensa-elf/arch/lib/\libhandlers-board.a(exc-return.o)
                              C:/usr/xtensa/XtDevTools/install/builds/RI-2021.6-win32/Py_210123_eval/xtensa-elf/arch/lib/\libhandlers-board.a(exc-c-wrapper-handler.o) (_xtos_return_from_exc)
C:/usr/xtensa/XtDevTools/install/builds/RI-2021.6-win32/Py_210123_eval/xtensa-elf/arch/lib/\libhandlers-board.a(int-lowpri-dispatcher.o)
                              C:/usr/xtensa/XtDevTools/install/builds/RI-2021.6-win32/Py_210123_eval/xtensa-elf/arch/lib/\libhandlers-board.a(user-vector.o) (_xtos_l1int_handler)
C:/usr/xtensa/XtDevTools/install/builds/RI-2021.6-win32/Py_210123_eval/xtensa-elf/arch/lib/\libhandlers-board.a(window-vectors.o)
                              (_xtos_alloca_handler)
C:/usr/xtensa/XtDevTools/install/builds/RI-2021.6-win32/Py_210123_eval/xtensa-elf/arch/lib/\libhandlers-board.a(int-init-level1.o)
                              D:/PYRAMID_SW/dsp_trunk/tags/Sphinx_0p2/testing_app/system_integration/bin/Py_210123_eval/Release/src/dsp_hal_intr.o (xtos_dispatch_level1_interrupts)
C:/usr/xtensa/XtDevTools/install/builds/RI-2021.6-win32/Py_210123_eval/xtensa-elf/arch/lib/\libhandlers-board.a(int-init-level2.o)
                              D:/PYRAMID_SW/dsp_trunk/tags/Sphinx_0p2/testing_app/system_integration/bin/Py_210123_eval/Release/src/dsp_hal_intr.o (xtos_dispatch_level2_interrupts)
[...]
Memory Configuration

Name             Origin          Length          Used            Unused          Attributes
irom0_0_seg      0x50000000      0x00000300      0x000000f0      0x00000210      
dv_0_seg         0x50000400      0x00000178      0x0000016c      0x0000000c      
dv_1_seg         0x50000578      0x00000008      0x00000000      0x00000008      
dv_2_seg         0x50000580      0x00000038      0x00000008      0x00000030      
dv_3_seg         0x500005b8      0x00000008      0x00000000      0x00000008      
dv_4_seg         0x500005c0      0x00000038      0x00000008      0x00000030      
dv_5_seg         0x500005f8      0x00000008      0x00000000      0x00000008      
dv_6_seg         0x50000600      0x00000038      0x0000000c      0x0000002c      
dv_7_seg         0x50000638      0x00000008      0x00000000      0x00000008      
dv_8_seg         0x50000640      0x00000038      0x00000008      0x00000030      
dv_9_seg         0x50000678      0x00000008      0x00000004      0x00000004      
dv_10_seg        0x50000680      0x00000038      0x00000018      0x00000020      
dv_11_seg        0x500006b8      0x00000048      0x00000000      0x00000048      
dv_12_seg        0x50000700      0x0000f900      0x0000ec0c      0x00000cf4      
drom0_0_seg      0x50040000      0x00008000      0x00005b0c      0x000024f4      
ipatch_seg       0x50080000      0x00008000      0x00000000      0x00008000      
dnoload_seg      0x500a0000      0x00002200      0x0000218c      0x00000074      
dram0_0_seg      0x500a2200      0x00001600      0x00001590      0x00000070      
dpatch_seg       0x500a3800      0x00004800      0x00000000      0x00004800      
iram1_0_seg      0x500b0000      0x00004000      0x00000000      0x00004000      
iram1_1_seg      0x500b4000      0x00002000      0x00000000      0x00002000      
iram1_2_seg      0x500b6000      0x00002000      0x00000000      0x00002000      
dram1_0_seg      0x500c0000      0x00004000      0x00000000      0x00004000      
dram1_1_seg      0x500c4000      0x00002000      0x00000000      0x00002000      
dram1_2_seg      0x500c6000      0x00002000      0x00000000      0x00002000      
*default*        0x00000000      0xffffffff      
